#
# There is insufficient memory for the Java Runtime Environment to continue.
# Native memory allocation (mmap) failed to map 132120576 bytes for G1 virtual space
# Possible reasons:
#   The system is out of physical RAM or swap space
#   The process is running with CompressedOops enabled, and the Java Heap may be blocking the growth of the native heap
# Possible solutions:
#   Reduce memory load on the system
#   Increase physical memory or swap space
#   Check if swap backing store is full
#   Decrease Java heap size (-Xmx/-Xms)
#   Decrease number of Java threads
#   Decrease Java thread stack sizes (-Xss)
#   Set larger code cache with -XX:ReservedCodeCacheSize=
#   JVM is running with Unscaled Compressed Oops mode in which the Java heap is
#     placed in the first 4GB address space. The Java Heap base address is the
#     maximum limit for the native heap growth. Please use -XX:HeapBaseMinAddress
#     to set the Java Heap base and to place the Java Heap above 4GB virtual address.
# This output file may be truncated or incomplete.
#
#  Out of Memory Error (os_windows.cpp:3469), pid=15600, tid=29192
#
# JRE version:  (17.0.0.1+2) (build )
# Java VM: OpenJDK 64-Bit Server VM (17.0.0.1+2-3, mixed mode, emulated-client, sharing, tiered, compressed oops, compressed class ptrs, g1 gc, windows-amd64)
# No core dump will be written. Minidumps are not enabled by default on client versions of Windows
#

---------------  S U M M A R Y ------------

Command Line: -XX:TieredStopAtLevel=1 -Dspring.output.ansi.enabled=always -Dcom.sun.management.jmxremote -Dspring.jmx.enabled=true -Dspring.liveBeansView.mbeanDomain -Dspring.application.admin.enabled=true -Dmanagement.endpoints.jmx.exposure.include=* -javaagent:C:\Program Files\JetBrains\IntelliJ IDEA 2025.2.1\lib\idea_rt.jar=49385 -Dfile.encoding=UTF-8 org.example.Application

Host: Intel(R) Core(TM) i5-10210U CPU @ 1.60GHz, 8 cores, 7G,  Windows 10 , 64 bit Build 26100 (10.0.26100.8246)
Time: Tue Apr 28 20:54:57 2026 RTZ 3 (s 10 , 64 bit Build 26100 (10.0.26100.8246) elapsed time: 0.385011 seconds (0d 0h 0m 0s)

---------------  T H R E A D  ---------------

Current thread (0x00000273ca891d10):  JavaThread "Unknown thread" [_thread_in_vm, id=29192, stack(0x00000086dbc00000,0x00000086dbd00000)]

Stack: [0x00000086dbc00000,0x00000086dbd00000]
Native frames: (J=compiled Java code, j=interpreted, Vv=VM code, C=native code)
V  [jvm.dll+0x66f8ea]
V  [jvm.dll+0x7ce224]
V  [jvm.dll+0x7cf9ce]
V  [jvm.dll+0x7d0033]
V  [jvm.dll+0x242bb5]
V  [jvm.dll+0x66c909]
V  [jvm.dll+0x6613d2]
V  [jvm.dll+0x30082b]
V  [jvm.dll+0x307db6]
V  [jvm.dll+0x357a0e]
V  [jvm.dll+0x357c3f]
V  [jvm.dll+0x2d7ae8]
V  [jvm.dll+0x2d8a54]
V  [jvm.dll+0x7a00a1]
V  [jvm.dll+0x365781]
V  [jvm.dll+0x77f59c]
V  [jvm.dll+0x3e805f]
V  [jvm.dll+0x3e9b01]
C  [jli.dll+0x527b]
C  [ucrtbase.dll+0x37b0]
C  [KERNEL32.DLL+0x2e8d7]
C  [ntdll.dll+0x8c3fc]


---------------  P R O C E S S  ---------------

Threads class SMR info:
_java_thread_list=0x00007fffe8329818, length=0, elements={
}

Java Threads: ( => current thread )

Other Threads:
  0x00000273ca8d11b0 GCTaskThread "GC Thread#0" [stack: 0x00000086dbd00000,0x00000086dbe00000] [id=29452]
  0x00000273ca921010 ConcurrentGCThread "G1 Main Marker" [stack: 0x00000086dbe00000,0x00000086dbf00000] [id=12292]
  0x00000273ca9221c0 ConcurrentGCThread "G1 Conc#0" [stack: 0x00000086dbf00000,0x00000086dc000000] [id=22088]

[error occurred during error reporting (printing all threads), id 0xc0000005, EXCEPTION_ACCESS_VIOLATION (0xc0000005) at pc=0x00007fffe7b784c7]

VM state: not at safepoint (not fully initialized)

VM Mutex/Monitor currently owned by a thread:  ([mutex/lock_event])
[0x00000273ca8816a0] Heap_lock - owner thread: 0x00000273ca891d10

Heap address: 0x0000000082800000, size: 2008 MB, Compressed Oops mode: 32-bit

CDS archive(s) mapped at: [0x0000000000000000-0x0000000000000000-0x0000000000000000), size 0, SharedBaseAddress: 0x0000000800000000, ArchiveRelocationMode: 0.
Narrow klass base: 0x0000000000000000, Narrow klass shift: 0, Narrow klass range: 0x0

GC Precious Log:
<Empty>

Heap:
 garbage-first heap   total 0K, used 0K [0x0000000082800000, 0x0000000100000000)
  region size 1024K, 0 young (0K), 0 survivors (0K)

[error occurred during error reporting (printing heap information), id 0xc0000005, EXCEPTION_ACCESS_VIOLATION (0xc0000005) at pc=0x00007fffe7f58c59]

GC Heap History (0 events):
No events

Deoptimization events (0 events):
No events

Classes unloaded (0 events):
No events

Classes redefined (0 events):
No events

Internal exceptions (0 events):
No events

VM Operations (0 events):
No events

Events (1 events):
Event: 0.369 Loaded shared library D:\Java\jdk-17.0.0.1\bin\java.dll


Dynamic libraries:
0x00007ff71f310000 - 0x00007ff71f31e000 	D:\Java\jdk-17.0.0.1\bin\java.exe
0x00007ff83d580000 - 0x00007ff83d7e7000 	C:\WINDOWS\SYSTEM32\ntdll.dll
0x00007ff83c2b0000 - 0x00007ff83c379000 	C:\WINDOWS\System32\KERNEL32.DLL
0x00007ff83ad20000 - 0x00007ff83b114000 	C:\WINDOWS\System32\KERNELBASE.dll
0x00007ff83abd0000 - 0x00007ff83ad1b000 	C:\WINDOWS\System32\ucrtbase.dll
0x00007ff813490000 - 0x00007ff8134aa000 	D:\Java\jdk-17.0.0.1\bin\VCRUNTIME140.dll
0x00007ff829920000 - 0x00007ff829938000 	D:\Java\jdk-17.0.0.1\bin\jli.dll
0x00007ff83b4d0000 - 0x00007ff83b695000 	C:\WINDOWS\System32\USER32.dll
0x00007ff839f00000 - 0x00007ff839f27000 	C:\WINDOWS\System32\win32u.dll
0x00007ff83cc00000 - 0x00007ff83cc2b000 	C:\WINDOWS\System32\GDI32.dll
0x00007ff839050000 - 0x00007ff8392e3000 	C:\WINDOWS\WinSxS\amd64_microsoft.windows.common-controls_6595b64144ccf1df_6.0.26100.8115_none_3e075c82e3354f9c\COMCTL32.dll
0x00007ff83b1e0000 - 0x00007ff83b30b000 	C:\WINDOWS\System32\gdi32full.dll
0x00007ff839fc0000 - 0x00007ff83a063000 	C:\WINDOWS\System32\msvcp_win.dll
0x00007ff83c200000 - 0x00007ff83c2a9000 	C:\WINDOWS\System32\msvcrt.dll
0x00007ff83b7c0000 - 0x00007ff83b7f2000 	C:\WINDOWS\System32\IMM32.DLL
0x00007ff8308f0000 - 0x00007ff8308fc000 	D:\Java\jdk-17.0.0.1\bin\vcruntime140_1.dll
0x00007ffff53e0000 - 0x00007ffff546d000 	D:\Java\jdk-17.0.0.1\bin\msvcp140.dll
0x00007fffe7890000 - 0x00007fffe8450000 	D:\Java\jdk-17.0.0.1\bin\server\jvm.dll
0x00007ff83b310000 - 0x00007ff83b3c6000 	C:\WINDOWS\System32\ADVAPI32.dll
0x00007ff83cc30000 - 0x00007ff83ccd7000 	C:\WINDOWS\System32\sechost.dll
0x00007ff83b6a0000 - 0x00007ff83b7b8000 	C:\WINDOWS\System32\RPCRT4.dll
0x00007ff83ca90000 - 0x00007ff83ca98000 	C:\WINDOWS\System32\PSAPI.DLL
0x00007fffe4d20000 - 0x00007fffe4d2a000 	C:\WINDOWS\SYSTEM32\WSOCK32.dll
0x00007ff825cd0000 - 0x00007ff825d06000 	C:\WINDOWS\SYSTEM32\WINMM.dll
0x00007ff832ac0000 - 0x00007ff832acb000 	C:\WINDOWS\SYSTEM32\VERSION.dll
0x00007ff83c5d0000 - 0x00007ff83c650000 	C:\WINDOWS\System32\WS2_32.dll
0x00007ff838280000 - 0x00007ff83829b000 	C:\WINDOWS\SYSTEM32\kernel.appcore.dll
0x00007ff825b30000 - 0x00007ff825b3a000 	D:\Java\jdk-17.0.0.1\bin\jimage.dll
0x00007ff839600000 - 0x00007ff839842000 	C:\WINDOWS\SYSTEM32\DBGHELP.DLL
0x00007ff83b800000 - 0x00007ff83bb82000 	C:\WINDOWS\System32\combase.dll
0x00007ff83b3d0000 - 0x00007ff83b4a8000 	C:\WINDOWS\System32\OLEAUT32.dll
0x00007ff8394f0000 - 0x00007ff83952b000 	C:\WINDOWS\SYSTEM32\dbgcore.DLL
0x00007ff839e50000 - 0x00007ff839ef5000 	C:\WINDOWS\System32\bcryptPrimitives.dll
0x00007ff812fe0000 - 0x00007ff812fee000 	D:\Java\jdk-17.0.0.1\bin\instrument.dll
0x00007ff804360000 - 0x00007ff804385000 	D:\Java\jdk-17.0.0.1\bin\java.dll

dbghelp: loaded successfully - version: 4.0.5 - missing functions: none
symbol engine: initialized successfully - sym options: 0x614 - pdb path: .;D:\Java\jdk-17.0.0.1\bin;C:\WINDOWS\SYSTEM32;C:\WINDOWS\WinSxS\amd64_microsoft.windows.common-controls_6595b64144ccf1df_6.0.26100.8115_none_3e075c82e3354f9c;D:\Java\jdk-17.0.0.1\bin\server

VM Arguments:
jvm_args: -XX:TieredStopAtLevel=1 -Dspring.output.ansi.enabled=always -Dcom.sun.management.jmxremote -Dspring.jmx.enabled=true -Dspring.liveBeansView.mbeanDomain -Dspring.application.admin.enabled=true -Dmanagement.endpoints.jmx.exposure.include=* -javaagent:C:\Program Files\JetBrains\IntelliJ IDEA 2025.2.1\lib\idea_rt.jar=49385 -Dfile.encoding=UTF-8 
java_command: org.example.Application
java_class_path (initial): D:\JavaProjects\TMS\target\classes;C:\Users\abram\.m2\repository\org\springframework\boot\spring-boot-starter-web\3.2.1\spring-boot-starter-web-3.2.1.jar;C:\Users\abram\.m2\repository\org\springframework\boot\spring-boot-starter\3.2.1\spring-boot-starter-3.2.1.jar;C:\Users\abram\.m2\repository\org\springframework\boot\spring-boot\3.2.1\spring-boot-3.2.1.jar;C:\Users\abram\.m2\repository\org\springframework\boot\spring-boot-autoconfigure\3.2.1\spring-boot-autoconfigure-3.2.1.jar;C:\Users\abram\.m2\repository\org\springframework\boot\spring-boot-starter-logging\3.2.1\spring-boot-starter-logging-3.2.1.jar;C:\Users\abram\.m2\repository\ch\qos\logback\logback-classic\1.4.14\logback-classic-1.4.14.jar;C:\Users\abram\.m2\repository\ch\qos\logback\logback-core\1.4.14\logback-core-1.4.14.jar;C:\Users\abram\.m2\repository\org\apache\logging\log4j\log4j-to-slf4j\2.21.1\log4j-to-slf4j-2.21.1.jar;C:\Users\abram\.m2\repository\org\apache\logging\log4j\log4j-api\2.21.1\log4j-api-2.21.1.jar;C:\Users\abram\.m2\repository\org\slf4j\jul-to-slf4j\2.0.9\jul-to-slf4j-2.0.9.jar;C:\Users\abram\.m2\repository\jakarta\annotation\jakarta.annotation-api\2.1.1\jakarta.annotation-api-2.1.1.jar;C:\Users\abram\.m2\repository\org\yaml\snakeyaml\2.2\snakeyaml-2.2.jar;C:\Users\abram\.m2\repository\org\springframework\boot\spring-boot-starter-json\3.2.1\spring-boot-starter-json-3.2.1.jar;C:\Users\abram\.m2\repository\com\fasterxml\jackson\datatype\jackson-datatype-jdk8\2.15.3\jackson-datatype-jdk8-2.15.3.jar;C:\Users\abram\.m2\repository\com\fasterxml\jackson\datatype\jackson-datatype-jsr310\2.15.3\jackson-datatype-jsr310-2.15.3.jar;C:\Users\abram\.m2\repository\com\fasterxml\jackson\module\jackson-module-parameter-names\2.15.3\jackson-module-parameter-names-2.15.3.jar;C:\Users\abram\.m2\repository\org\springframework\boot\spring-boot-starter-tomcat\3.2.1\spring-boot-starter-tomcat-3.2.1.jar;C:\Users\abram\.m2\repository\org\apache\tomcat\embed\tomcat-embed-core\10.1.17\to
Launcher Type: SUN_STANDARD

[Global flags]
     intx CICompilerCount                          = 4                                         {product} {ergonomic}
     uint ConcGCThreads                            = 2                                         {product} {ergonomic}
     uint G1ConcRefinementThreads                  = 8                                         {product} {ergonomic}
   size_t G1HeapRegionSize                         = 1048576                                   {product} {ergonomic}
    uintx GCDrainStackTargetSize                   = 64                                        {product} {ergonomic}
   size_t InitialHeapSize                          = 132120576                                 {product} {ergonomic}
     bool ManagementServer                         = true                                      {product} {command line}
   size_t MarkStackSize                            = 4194304                                   {product} {ergonomic}
   size_t MaxHeapSize                              = 2105540608                                {product} {ergonomic}
   size_t MinHeapDeltaBytes                        = 1048576                                   {product} {ergonomic}
   size_t MinHeapSize                              = 8388608                                   {product} {ergonomic}
    uintx NonProfiledCodeHeapSize                  = 0                                      {pd product} {ergonomic}
     bool ProfileInterpreter                       = false                                  {pd product} {command line}
    uintx ProfiledCodeHeapSize                     = 0                                      {pd product} {ergonomic}
   size_t SoftMaxHeapSize                          = 2105540608                             {manageable} {ergonomic}
     intx TieredStopAtLevel                        = 1                                         {product} {command line}
     bool UseCompressedClassPointers               = true                           {product lp64_product} {ergonomic}
     bool UseCompressedOops                        = true                           {product lp64_product} {ergonomic}
     bool UseG1GC                                  = true                                      {product} {ergonomic}
     bool UseLargePagesIndividualAllocation        = false                                  {pd product} {ergonomic}

Logging:
Log output configuration:
 #0: stdout all=warning uptime,level,tags
 #1: stderr all=off uptime,level,tags

Environment Variables:
JAVA_HOME=D:\Java\jdk-17.0.0.1
PATH=C:\Program Files\Common Files\Oracle\Java\javapath;C:\Program Files (x86)\Common Files\Oracle\Java\javapath;C:\WINDOWS\system32;D:\php;C:\WINDOWS;C:\WINDOWS\System32\Wbem;C:\WINDOWS\System32\WindowsPowerShell\v1.0\;C:\WINDOWS\System32\OpenSSH\;C:\Program Files (x86)\Windows Kits\10\Windows Performance Toolkit\;D:\Git\cmd;C:\Program Files\nodejs\;C:\Program Files\Java\jdk-24\bin;D:\cursor\resources\app\bin;%M2_HOME%\bin;%JAVA_HOME%;;C:\Program Files\Docker\Docker\resources\bin;C:\Program Files\WireGuard\;D:\;C:\Program Files (x86)\Common Files\Oracle\Java\javapath;C:\WINDOWS\system32;C:\WINDOWS;C:\WINDOWS\System32\Wbem;C:\WINDOWS\System32\WindowsPowerShell\v1.0\;C:\WINDOWS\System32\OpenSSH\;C:\Program Files (x86)\Windows Kits\10\Windows Performance Toolkit\;D:\Git\cmd;D:\php;C:\Program Files\nodejs\;C:\Users\abram\AppData\Local\Programs\Python\Launcher\;C:\Users\abram\AppData\Local\Microsoft\WindowsApps;C:\Users\abram\AppData\Local\Programs\Microsoft VS Code\bin;C:\Program Files\JetBrains\PyCharm 2023.3.4\bin;C:\Program Files\JetBrains\PyCharm Community Edition 2023.3.4\bin;C:\Program Files\JetBrains\DataGrip 2024.2.2\bin;C:\Users\abram\AppData\Roaming\npm;D:\Java\jdk-17.0.0.1;D:\Java\apache-maven-3.9.11\bin;
USERNAME=abram
OS=Windows_NT
PROCESSOR_IDENTIFIER=Intel64 Family 6 Model 142 Stepping 12, GenuineIntel



---------------  S Y S T E M  ---------------

OS:
 Windows 10 , 64 bit Build 26100 (10.0.26100.8246)
OS uptime: 3 days 2:33 hours
Hyper-V role detected

CPU: total 8 (initial active 8) (4 cores per cpu, 2 threads per core) family 6 model 142 stepping 12 microcode 0xde, cx8, cmov, fxsr, ht, mmx, 3dnowpref, sse, sse2, sse3, ssse3, sse4.1, sse4.2, popcnt, lzcnt, tsc, tscinvbit, avx, avx2, aes, erms, clmul, bmi1, bmi2, adx, fma, vzeroupper, clflush, clflushopt, hv

Memory: 4k page, system-wide physical 8025M (878M free)
TotalPageFile size 32600M (AvailPageFile size 40M)
current process WorkingSet (physical memory assigned to process): 12M, peak: 12M
current process commit charge ("private bytes"): 55M, peak: 181M

vm_info: OpenJDK 64-Bit Server VM (17.0.0.1+2-3) for windows-amd64 JRE (17.0.0.1+2-3), built on May  8 2024 19:05:00 by "mach5one" with MS VC++ 16.8 (VS2019)

END.
